{
  "status": "standalone_C038_C046_paper_checked",
  "atlas_roots": 1245,
  "direct_majorana_cases": 47,
  "weighted_ablation_cases": 6225,
  "scaled_weighted_cases": 720,
  "density_weighted_cases": 90,
  "order9_SCF_graphs": 4308,
  "C042_sampled_graphs": 60,
  "C043_circulant_cases": 6162,
  "C043_exact_small_cliques": 18149,
  "C043_random_CFI_controls": 250,
  "C044_all_deletions": 38772,
  "C044_exact_cliques": 3803174,
  "C045_sources_checked": 9,
  "C046_resolved_findings": 6,
  "full_polytope_exact_fraction": 1.0,
  "external_reviewed": false,
  "priority_confirmed": false
}
